Microchip MPLAB XC8 Compiler V2.41

Linker command line:

-W-3 \
  --edf=C:/Program Files/Microchip/MPLABX/v6.10/packs/Microchip/PIC16Fxxx_DFP/1.4.149/xc8\pic\dat\20230322214319_en.msgs \
  -cn -h+dist/default/debug\pic_project.X.debug.sym \
  --cmf=dist/default/debug\pic_project.X.debug.cmf -z -Q16F877A \
  -oC:\Users\xboxw\AppData\Local\Temp\xcAsdok.\driver_tmp_3.o \
  --defsym=__MPLAB_BUILD=1 --fixupoverflow=error \
  -Mdist/default/debug/pic_project.X.debug.map \
  --md=C:\Users\xboxw\AppData\Local\Temp\xcAsdok.\driver_tmp_0.dat -E1 \
  -ver=XC8 Compiler --acfsm=1493 -ACODE=00h-07FFhx4 -ASTRCODE=00h-01FFFh \
  -ASTRING=00h-0FFhx32 -ACONST=00h-0FFhx32 -AENTRY=00h-0FFhx32 \
  -ACOMMON=070h-07Fh -ABANK0=020h-06Fh -ABANK1=0A0h-0EFh \
  -ABANK2=0110h-016Fh -ABANK3=0190h-01EFh \
  -ARAM=020h-06Fh,0A0h-0EFh,0110h-016Fh,0190h-01EFh \
  -AABS1=020h-07Fh,0A0h-0EFh,0110h-016Fh,0190h-01EFh -ASFR0=00h-01Fh \
  -ASFR1=080h-09Fh -ASFR2=0100h-010Fh -ASFR3=0180h-018Fh \
  -ACONFIG=02007h-02007h -DCONFIG=2 -AIDLOC=02000h-02003h -DIDLOC=2 \
  -AEEDATA=00h-0FFh/02100h -peeprom_data=EEDATA -DEEDATA=2 -DCODE=2 \
  -DSTRCODE=2 -DSTRING=2 -DCONST=2 -DENTRY=2 \
  -preset_vec=00h,intentry,init,end_init -ppowerup=CODE -pcinit=CODE \
  -pfunctab=ENTRY -k \
  C:\Users\xboxw\AppData\Local\Temp\xcAsdok.\driver_tmp_17.o \
  dist/default/debug\pic_project.X.debug.o 

Object code version is 3.11

Machine type is 16F877A



                Name                               Link     Load   Length Selector   Space Scale
C:\Users\xboxw\AppData\Local\Temp\xcAsdok.\driver_tmp_17.o
                end_init                              0        0        3        0       0
                config                             2007     2007        1        0       4
dist/default/debug\pic_project.X.debug.o
                cinit                               7F8      7F8        8      FF0       0
                config                             2007     2007        1        0       4
                text19                              16B      16B        9      2D6       0
                text18                              388      388       66      710       0
                text17                              284      284       38      508       0
                text16                              186      186        D      30C       0
                text15                              193      193       10      326       0
                text14                              255      255       2F      4AA       0
                text13                              174      174        9      2E8       0
                text12                              17D      17D        9      2FA       0
                text11                              2BC      2BC       44      578       0
                text10                              300      300       44      600       0
                text9                               1E8      1E8       22      3D0       0
                text8                               493      493       A8      926       0
                text7                               1CA      1CA       1E      394       0
                text6                               22F      22F       26      45E       0
                text5                               1B5      1B5       15      36A       0
                text4                               344      344       44      688       0
                text3                               20A      20A       25      414       0
                text2                               1A3      1A3       12      346       0
                text1                               53B      53B      2BD      A76       0
                maintext                            3EE      3EE       A5      7DC       0
                cstackBANK0                          20       20       1A       20       1
                cstackCOMMON                         70       70        E       70       1
                bssBANK0                             3A       3A        2       20       1
                strings                               3        3       56        6       0

TOTAL           Name                               Link     Load   Length     Space
        CLASS   CODE           
                end_init                              0        0        3         0
                cinit                               7F8      7F8        8         0
                text19                              16B      16B        9         0
                text18                              388      388       66         0
                text17                              284      284       38         0
                text16                              186      186        D         0
                text15                              193      193       10         0
                text14                              255      255       2F         0
                text13                              174      174        9         0
                text12                              17D      17D        9         0
                text11                              2BC      2BC       44         0
                text10                              300      300       44         0
                text9                               1E8      1E8       22         0
                text8                               493      493       A8         0
                text7                               1CA      1CA       1E         0
                text6                               22F      22F       26         0
                text5                               1B5      1B5       15         0
                text4                               344      344       44         0
                text3                               20A      20A       25         0
                text2                               1A3      1A3       12         0
                text1                               53B      53B      2BD         0
                maintext                            3EE      3EE       A5         0

        CLASS   STRCODE        

        CLASS   STRING         
                strings                               3        3       56         0

        CLASS   CONST          

        CLASS   ENTRY          

        CLASS   COMMON         
                cstackCOMMON                         70       70        E         1

        CLASS   BANK0          
                cstackBANK0                          20       20       1A         1
                bssBANK0                             3A       3A        2         1

        CLASS   BANK1          

        CLASS   BANK2          

        CLASS   BANK3          

        CLASS   RAM            

        CLASS   ABS1           
                abs_s1                               7E       7E        2         1

        CLASS   SFR0           

        CLASS   SFR1           

        CLASS   SFR2           

        CLASS   SFR3           

        CLASS   CONFIG         
                config                             2007     2007        1         4

        CLASS   IDLOC          

        CLASS   EEDATA         

        CLASS   STACK          



SEGMENTS        Name                           Load    Length   Top    Selector   Space  Class     Delta

                reset_vec                      000000  000003  000003         0       0  CODE        2
                strings                        000003  000056  000059         6       0  STRING      2
                cstackBANK0                    000020  00001C  00003C        20       1  BANK0       1
                cstackCOMMON                   000070  00000E  00007E        70       1  COMMON      1
                text19                         00016B  000009  000174       2D6       0  CODE        2
                text13                         000174  000009  00017D       2E8       0  CODE        2
                text12                         00017D  000009  000186       2FA       0  CODE        2
                text16                         000186  00000D  000193       30C       0  CODE        2
                text15                         000193  000010  0001A3       326       0  CODE        2
                text2                          0001A3  000012  0001B5       346       0  CODE        2
                text5                          0001B5  000015  0001CA       36A       0  CODE        2
                text7                          0001CA  00001E  0001E8       394       0  CODE        2
                text9                          0001E8  000022  00020A       3D0       0  CODE        2
                text3                          00020A  000025  00022F       414       0  CODE        2
                text6                          00022F  000026  000255       45E       0  CODE        2
                text14                         000255  00002F  000284       4AA       0  CODE        2
                text17                         000284  000038  0002BC       508       0  CODE        2
                text11                         0002BC  000044  000300       578       0  CODE        2
                text10                         000300  000044  000344       600       0  CODE        2
                text4                          000344  000044  000388       688       0  CODE        2
                text18                         000388  000066  0003EE       710       0  CODE        2
                maintext                       0003EE  0000A5  000493       7DC       0  CODE        2
                text8                          000493  0000A8  00053B       926       0  CODE        2
                text1                          00053B  0002BD  0007F8       A76       0  CODE        2
                cinit                          0007F8  000008  000800       FF0       0  CODE        2


UNUSED ADDRESS RANGES

        Name                Unused          Largest block    Delta
        BANK0            003C-006F             34           1
        BANK1            00A0-00EF             50           1
        BANK2            0110-016F             60           1
        BANK3            0190-01EF             60           1
        CODE             0059-016A            112           2
                         0800-1FFF            800
        CONST            0059-016A             A7           2
                         0800-1FFF            100
        EEDATA           2100-21FF            100           2
        ENTRY            0059-016A             A7           2
                         0800-1FFF            100
        IDLOC            2000-2003              4           2
        RAM              003C-006F             34           1
                         00A0-00EF             50
                         0110-016F             60
                         0190-01EF             60
        SFR0             0000-001F             20           1
        SFR1             0080-009F             20           1
        SFR2             0100-010F             10           1
        SFR3             0180-018F             10           1
        STRCODE          0059-016A            112           2
                         0800-1FFF           1800
        STRING           0059-016A             A7           2
                         0800-1FFF            100

                                  Symbol Table

?___lldiv                cstackCOMMON 0070
?___lwdiv                cstackCOMMON 0070
?___wmul                 cstackCOMMON 0070
?_sprintf                cstackCOMMON 0077
I2C_Master_Init@c        cstackBANK0  0020
I2C_Multi_Send@address   cstackCOMMON 0071
I2C_Multi_Send@data      cstackCOMMON 0072
I2C_Multi_Send@n         cstackCOMMON 0077
I2C_Multi_Send@send      cstackCOMMON 0076
I2C_Multi_Send@size      cstackCOMMON 0073
I2C_Write@Data           cstackCOMMON 0070
_ACKSTAT                 (abs)        048E
_ADCON0                  (abs)        001F
_ADCON0bits              (abs)        001F
_ADCON1                  (abs)        009F
_ADC_Setup               text19       016B
_ADRESH                  (abs)        001E
_ADRESL                  (abs)        009E
_GO_DONE                 (abs)        00FA
_I2C_IDLE                text16       0186
_I2C_Master_Init         text17       0284
_I2C_Multi_Send          text14       0255
_I2C_Start               text13       0174
_I2C_Stop                text12       017D
_I2C_Write               text15       0193
_PORTB                   (abs)        0006
_PORTD                   (abs)        0008
_SSPADD                  (abs)        0093
_SSPBUF                  (abs)        0013
_SSPCON                  (abs)        0014
_SSPCON2                 (abs)        0091
_SSPCON2bits             (abs)        0091
_SSPIF                   (abs)        0063
_SSPSTAT                 (abs)        0094
_TRISA                   (abs)        0085
_TRISB                   (abs)        0086
_TRISCbits               (abs)        0087
_TRISD                   (abs)        0088
__H__absolute__          __absolute__ 0000
__Habs1                  abs1         0000
__Hbank0                 bank0        0000
__Hbank1                 bank1        0000
__Hbank2                 bank2        0000
__Hbank3                 bank3        0000
__HbssBANK0              bssBANK0     0000
__Hcinit                 cinit        0800
__Hclrtext               clrtext      0000
__Hcode                  code         0000
__Hcommon                common       0000
__Hconfig                config       2008
__HcstackBANK0           cstackBANK0  0000
__HcstackCOMMON          cstackCOMMON 0000
__Heeprom_data           eeprom_data  0000
__Hend_init              end_init     0003
__Hfunctab               functab      0000
__Hinit                  init         0000
__Hintentry              intentry     0000
__Hmaintext              maintext     0000
__Hpowerup               powerup      0000
__Hram                   ram          0000
__Hreset_vec             reset_vec    0000
__Hsfr0                  sfr0         0000
__Hsfr1                  sfr1         0000
__Hsfr2                  sfr2         0000
__Hsfr3                  sfr3         0000
__Hspace_0               (abs)        0800
__Hspace_1               (abs)        007E
__Hspace_2               (abs)        0000
__Hspace_3               (abs)        0000
__Hspace_4               (abs)        400F
__Hstack                 stack        0000
__Hstrings               strings      0000
__Htext                  text         0000
__L__absolute__          __absolute__ 0000
__Labs1                  abs1         0000
__Lbank0                 bank0        0000
__Lbank1                 bank1        0000
__Lbank2                 bank2        0000
__Lbank3                 bank3        0000
__LbssBANK0              bssBANK0     0000
__Lcinit                 cinit        07F8
__Lclrtext               clrtext      0000
__Lcode                  code         0000
__Lcommon                common       0000
__Lconfig                config       0000
__LcstackBANK0           cstackBANK0  0000
__LcstackCOMMON          cstackCOMMON 0000
__Leeprom_data           eeprom_data  0000
__Lend_init              end_init     0000
__Lfunctab               functab      0000
__Linit                  init         0000
__Lintentry              intentry     0000
__Lmaintext              maintext     0000
__Lpowerup               powerup      0000
__Lram                   ram          0000
__Lreset_vec             reset_vec    0000
__Lsfr0                  sfr0         0000
__Lsfr1                  sfr1         0000
__Lsfr2                  sfr2         0000
__Lsfr3                  sfr3         0000
__Lspace_0               (abs)        0000
__Lspace_1               (abs)        0000
__Lspace_2               (abs)        0000
__Lspace_3               (abs)        0000
__Lspace_4               (abs)        0000
__Lstack                 stack        0000
__Lstrings               strings      0000
__Ltext                  text         0000
__S0                     (abs)        0800
__S1                     (abs)        007E
__S3                     (abs)        0000
___bmul                  text5        01B5
___bmul@multiplicand     cstackCOMMON 0070
___bmul@multiplier       cstackCOMMON 0072
___bmul@product          cstackCOMMON 0071
___int_sp                stack        0000
___latbits               (abs)        0002
___lldiv                 text18       0388
___lldiv@counter         cstackCOMMON 007D
___lldiv@dividend        cstackCOMMON 0074
___lldiv@divisor         cstackCOMMON 0070
___lldiv@quotient        cstackCOMMON 0079
___lwdiv                 text4        0344
___lwdiv@counter         cstackCOMMON 0076
___lwdiv@dividend        cstackCOMMON 0072
___lwdiv@divisor         cstackCOMMON 0070
___lwdiv@quotient        cstackCOMMON 0074
___sp                    stack        0000
___stackhi               (abs)        0000
___stacklo               (abs)        0000
___wmul                  text3        020A
___wmul@multiplicand     cstackCOMMON 0072
___wmul@multiplier       cstackCOMMON 0070
___wmul@product          cstackCOMMON 0074
__end_of_ADC_Setup       text19       0174
__end_of_I2C_IDLE        text16       0193
__end_of_I2C_Master_Init text17       02BC
__end_of_I2C_Multi_Send  text14       0284
__end_of_I2C_Start       text13       017D
__end_of_I2C_Stop        text12       0186
__end_of_I2C_Write       text15       01A3
__end_of___bmul          text5        01CA
__end_of___lldiv         text18       03EE
__end_of___lwdiv         text4        0388
__end_of___wmul          text3        022F
__end_of__initialization cinit        07FC
__end_of__stringtab      strings      0013
__end_of_hexpowers       strings      001B
__end_of_isdigit         text2        01B5
__end_of_lcd_clear       text9        020A
__end_of_lcd_init        text8        053B
__end_of_lcd_put_cur     text7        01E8
__end_of_lcd_send_cmd    text11       0300
__end_of_lcd_send_data   text10       0344
__end_of_lcd_send_string text6        0255
__end_of_main            maintext     0493
__end_of_sprintf         text1        07F8
__initialization         cinit        07F8
__pbssBANK0              bssBANK0     003A
__pcstackBANK0           cstackBANK0  0020
__pcstackCOMMON          cstackCOMMON 0070
__pmaintext              maintext     03EE
__pstrings               strings      0003
__ptext1                 text1        053B
__ptext10                text10       0300
__ptext11                text11       02BC
__ptext12                text12       017D
__ptext13                text13       0174
__ptext14                text14       0255
__ptext15                text15       0193
__ptext16                text16       0186
__ptext17                text17       0284
__ptext18                text18       0388
__ptext19                text19       016B
__ptext2                 text2        01A3
__ptext3                 text3        020A
__ptext4                 text4        0344
__ptext5                 text5        01B5
__ptext6                 text6        022F
__ptext7                 text7        01CA
__ptext8                 text8        0493
__ptext9                 text9        01E8
__stringbase             strings      0012
__stringtab              strings      0003
_hexpowers               strings      0013
_isdigit                 text2        01A3
_isdigit$708             cstackCOMMON 0070
_lcd_clear               text9        01E8
_lcd_init                text8        0493
_lcd_put_cur             text7        01CA
_lcd_send_cmd            text11       02BC
_lcd_send_data           text10       0300
_lcd_send_string         text6        022F
_main                    maintext     03EE
_sprintf                 text1        053B
btemp                    (abs)        007E
end_of_initialization    cinit        07FC
intlevel0                functab      0000
intlevel1                functab      0000
intlevel2                functab      0000
intlevel3                functab      0000
intlevel4                functab      0000
intlevel5                functab      0000
isdigit@c                cstackCOMMON 0071
lcd_clear@i              cstackCOMMON 007C
lcd_put_cur@col          cstackBANK0  0029
lcd_put_cur@row          cstackBANK0  0027
lcd_send_cmd@cmd         cstackBANK0  0024
lcd_send_cmd@data_l      cstackBANK0  0026
lcd_send_cmd@data_t      cstackBANK0  0020
lcd_send_cmd@data_u      cstackBANK0  0025
lcd_send_data@data       cstackBANK0  0024
lcd_send_data@data_l     cstackBANK0  0026
lcd_send_data@data_t     cstackBANK0  0020
lcd_send_data@data_u     cstackBANK0  0025
lcd_send_string@str      cstackCOMMON 007C
main@num                 cstackBANK0  0036
main@str1                cstackBANK0  0032
reset_vec                reset_vec    0000
sprintf@ap               cstackBANK0  0021
sprintf@c                cstackBANK0  002E
sprintf@cp               cstackBANK0  0024
sprintf@f                cstackCOMMON 0077
sprintf@flag             cstackBANK0  0026
sprintf@idx              cstackBANK0  0020
sprintf@len              cstackBANK0  0028
sprintf@prec             cstackBANK0  002D
sprintf@sp               cstackBANK0  002A
sprintf@val              cstackBANK0  0022
sprintf@width            cstackBANK0  002B
start                    init         0000
start_initialization     cinit        07F8
wtemp0                   (abs)        007E


MODULE INFORMATION

Module		Function		Class		Link	Load	Size
C:\Program Files\Microchip\xc8\v2.41\pic\sources\c90\common\Umul16.c
		___wmul        		CODE           	020A	0000	37

C:\Program Files\Microchip\xc8\v2.41\pic\sources\c90\common\Umul16.c estimated size: 37

C:\Program Files\Microchip\xc8\v2.41\pic\sources\c90\common\lwdiv.c
		___lwdiv       		CODE           	0344	0000	68

C:\Program Files\Microchip\xc8\v2.41\pic\sources\c90\common\lwdiv.c estimated size: 68

C:\Program Files\Microchip\xc8\v2.41\pic\sources\c90\common\__lldiv.c
		___lldiv       		CODE           	0388	0000	102

C:\Program Files\Microchip\xc8\v2.41\pic\sources\c90\common\__lldiv.c estimated size: 102

C:\Program Files\Microchip\xc8\v2.41\pic\sources\c90\common\Umul8.c
		___bmul        		CODE           	01B5	0000	21

C:\Program Files\Microchip\xc8\v2.41\pic\sources\c90\common\Umul8.c estimated size: 21

C:\Program Files\Microchip\xc8\v2.41\pic\sources\c90\common\isdigit.c
		_isdigit       		CODE           	01A3	0000	18

C:\Program Files\Microchip\xc8\v2.41\pic\sources\c90\common\isdigit.c estimated size: 18

newmain.c
		_I2C_Multi_Send		CODE           	0255	0000	47
		_lcd_send_cmd  		CODE           	02BC	0000	68
		_ADC_Setup     		CODE           	016B	0000	9
		_lcd_send_data 		CODE           	0300	0000	68
		_lcd_put_cur   		CODE           	01CA	0000	30
		_I2C_IDLE      		CODE           	0186	0000	13
		_I2C_Master_Init		CODE           	0284	0000	56
		_main          		CODE           	03EE	0000	165
		_I2C_Write     		CODE           	0193	0000	16
		_lcd_clear     		CODE           	01E8	0000	34
		_I2C_Stop      		CODE           	017D	0000	9
		_lcd_send_string		CODE           	022F	0000	38
		_I2C_Start     		CODE           	0174	0000	9
		_lcd_init      		CODE           	0493	0000	168

newmain.c estimated size: 730

shared
		__stringtab    		STRING         	0003	0000	16
		__initialization		CODE           	07F8	0000	4
		_hexpowers     		STRING         	0013	0000	8

shared estimated size: 28

C:\Program Files\Microchip\xc8\v2.41\pic\sources\c90\common\doprnt.c
		_sprintf       		CODE           	053B	0000	701

C:\Program Files\Microchip\xc8\v2.41\pic\sources\c90\common\doprnt.c estimated size: 701

