Microchip MPLAB XC8 Compiler V2.41

Linker command line:

-W-3 \
  --edf=C:/Program Files/Microchip/MPLABX/v6.10/packs/Microchip/PIC16Fxxx_DFP/1.4.149/xc8\pic\dat\20230322214319_en.msgs \
  -cn -h+dist/default/production\pic_project.X.production.sym \
  --cmf=dist/default/production\pic_project.X.production.cmf -z -Q16F877A \
  -oC:\Users\xboxw\AppData\Local\Temp\xcAs2f0.\driver_tmp_3.o \
  --defsym=__MPLAB_BUILD=1 --fixupoverflow=error \
  -Mdist/default/production/pic_project.X.production.map \
  --md=C:\Users\xboxw\AppData\Local\Temp\xcAs2f0.\driver_tmp_0.dat -E1 \
  -ver=XC8 Compiler --acfsm=1493 -ACODE=00h-07FFhx4 -ASTRCODE=00h-01FFFh \
  -ASTRING=00h-0FFhx32 -ACONST=00h-0FFhx32 -AENTRY=00h-0FFhx32 \
  -ACOMMON=070h-07Fh -ABANK0=020h-06Fh -ABANK1=0A0h-0EFh \
  -ABANK2=0110h-016Fh -ABANK3=0190h-01EFh \
  -ARAM=020h-06Fh,0A0h-0EFh,0110h-016Fh,0190h-01EFh \
  -AABS1=020h-07Fh,0A0h-0EFh,0110h-016Fh,0190h-01EFh -ASFR0=00h-01Fh \
  -ASFR1=080h-09Fh -ASFR2=0100h-010Fh -ASFR3=0180h-018Fh \
  -ACONFIG=02007h-02007h -DCONFIG=2 -AIDLOC=02000h-02003h -DIDLOC=2 \
  -AEEDATA=00h-0FFh/02100h -peeprom_data=EEDATA -DEEDATA=2 -DCODE=2 \
  -DSTRCODE=2 -DSTRING=2 -DCONST=2 -DENTRY=2 \
  -preset_vec=00h,intentry,init,end_init -ppowerup=CODE -pcinit=CODE \
  -pfunctab=ENTRY -k \
  C:\Users\xboxw\AppData\Local\Temp\xcAs2f0.\driver_tmp_17.o \
  dist/default/production\pic_project.X.production.o 

Object code version is 3.11

Machine type is 16F877A



                Name                               Link     Load   Length Selector   Space Scale
C:\Users\xboxw\AppData\Local\Temp\xcAs2f0.\driver_tmp_17.o
                end_init                              0        0        3        0       0
                config                             2007     2007        1        0       4
dist/default/production\pic_project.X.production.o
                cinit                               7F6      7F6        A      FEC       0
                config                             2007     2007        1        0       4
                text39                             1C79     1C79       2E     38F2       0
                text38                             1B26     1B26        9     364C       0
                text37                             1E14     1E14       4E     3C28       0
                text36                             10D2     10D2       A2     21A4       0
                text35                             1B41     1B41        B     3682       0
                text34                             15A8     15A8      258     2B50       0
                text33                             1BBB     1BBB       24     3776       0
                text32                             1F88     1F88       78     3F10       0
                text31                             1EBB     1EBB       66     3D76       0
                text30                             1002     1002       54     2004       0
                text29                             1BDF     1BDF       25     37BE       0
                text28                             12E3     12E3       BA     25C6       0
                text27                             122B     122B       B8     2456       0
                text26                             1174     1174       B7     22E8       0
                text25                             1C2A     1C2A       27     3854       0
                text24                              95C      95C      345     12B8       0
                text23                             1DD0     1DD0       44     3BA0       0
                text22                                3        3       3A        0       0
                text21                             139D     139D      20B     273A       0
                text20                             1B69     1B69       12     36D2       0
                text19                             1F21     1F21       67     3E42       0
                text18                             1E62     1E62       59     3CC4       0
                text17                              CA1      CA1      35F     1942       0
                text16                              19C      19C      65A      338       0
                text15                             1C51     1C51       28     38A2       0
                text14                             1056     1056       7C     20AC       0
                text13                             1D8D     1D8D       43     3B1A       0
                text12                             1CD6     1CD6       38     39AC       0
                text11                             1B4C     1B4C        D     3698       0
                text10                             1B59     1B59       10     36B2       0
                text9                              1CA7     1CA7       2F     394E       0
                text8                              1B2F     1B2F        9     365E       0
                text7                              1B38     1B38        9     3670       0
                text6                              1D4D     1D4D       40     3A9A       0
                text5                              1D0E     1D0E       3F     3A1C       0
                text4                              1B99     1B99       22     3732       0
                text3                               8CD      8CD       8F     119A       0
                text2                              1B7B     1B7B       1E     36F6       0
                text1                              1C04     1C04       26     3808       0
                maintext                             3D       3D      15F       7A       0
                cstackBANK0                          20       20       4F       20       1
                cstackCOMMON                         70       70        E       70       1
                cstackBANK1                          A0       A0       47       A0       1
                bssBANK1                             E7       E7        4       A0       1
                strings                             800      800       CD     1000       0

TOTAL           Name                               Link     Load   Length     Space
        CLASS   CODE           
                end_init                              0        0        3         0
                cinit                               7F6      7F6        A         0
                text39                             1C79     1C79       2E         0
                text38                             1B26     1B26        9         0
                text37                             1E14     1E14       4E         0
                text36                             10D2     10D2       A2         0
                text35                             1B41     1B41        B         0
                text34                             15A8     15A8      258         0
                text33                             1BBB     1BBB       24         0
                text32                             1F88     1F88       78         0
                text31                             1EBB     1EBB       66         0
                text30                             1002     1002       54         0
                text29                             1BDF     1BDF       25         0
                text28                             12E3     12E3       BA         0
                text27                             122B     122B       B8         0
                text26                             1174     1174       B7         0
                text25                             1C2A     1C2A       27         0
                text24                              95C      95C      345         0
                text23                             1DD0     1DD0       44         0
                text22                                3        3       3A         0
                text21                             139D     139D      20B         0
                text20                             1B69     1B69       12         0
                text19                             1F21     1F21       67         0
                text18                             1E62     1E62       59         0
                text17                              CA1      CA1      35F         0
                text16                              19C      19C      65A         0
                text15                             1C51     1C51       28         0
                text14                             1056     1056       7C         0
                text13                             1D8D     1D8D       43         0
                text12                             1CD6     1CD6       38         0
                text11                             1B4C     1B4C        D         0
                text10                             1B59     1B59       10         0
                text9                              1CA7     1CA7       2F         0
                text8                              1B2F     1B2F        9         0
                text7                              1B38     1B38        9         0
                text6                              1D4D     1D4D       40         0
                text5                              1D0E     1D0E       3F         0
                text4                              1B99     1B99       22         0
                text3                               8CD      8CD       8F         0
                text2                              1B7B     1B7B       1E         0
                text1                              1C04     1C04       26         0
                maintext                             3D       3D      15F         0

        CLASS   STRCODE        

        CLASS   STRING         
                strings                             800      800       CD         0

        CLASS   CONST          

        CLASS   ENTRY          

        CLASS   COMMON         
                cstackCOMMON                         70       70        E         1

        CLASS   BANK0          
                cstackBANK0                          20       20       4F         1

        CLASS   BANK1          
                cstackBANK1                          A0       A0       47         1
                bssBANK1                             E7       E7        4         1

        CLASS   BANK2          

        CLASS   BANK3          

        CLASS   RAM            

        CLASS   ABS1           
                abs_s1                               7E       7E        2         1

        CLASS   SFR0           

        CLASS   SFR1           

        CLASS   SFR2           

        CLASS   SFR3           

        CLASS   CONFIG         
                config                             2007     2007        1         4

        CLASS   IDLOC          

        CLASS   EEDATA         

        CLASS   STACK          



SEGMENTS        Name                           Load    Length   Top    Selector   Space  Class     Delta

                reset_vec                      000000  00003D  00003D         0       0  CODE        2
                cstackBANK0                    000020  00004F  00006F        20       1  BANK0       1
                cstackCOMMON                   000070  00000E  00007E        70       1  COMMON      1
                maintext                       00003D  00015F  00019C        7A       0  CODE        2
                cstackBANK1                    0000A0  00004B  0000EB        A0       1  BANK1       1
                text16                         00019C  00065A  0007F6       338       0  CODE        2
                cinit                          0007F6  00000A  000800       FEC       0  CODE        2
                strings                        000800  0000CD  0008CD      1000       0  STRING      2
                text3                          0008CD  00008F  00095C      119A       0  CODE        2
                text24                         00095C  000345  000CA1      12B8       0  CODE        2
                text17                         000CA1  00035F  001000      1942       0  CODE        2
                text30                         001002  000054  001056      2004       0  CODE        2
                text14                         001056  00007C  0010D2      20AC       0  CODE        2
                text36                         0010D2  0000A2  001174      21A4       0  CODE        2
                text26                         001174  0000B7  00122B      22E8       0  CODE        2
                text27                         00122B  0000B8  0012E3      2456       0  CODE        2
                text28                         0012E3  0000BA  00139D      25C6       0  CODE        2
                text21                         00139D  00020B  0015A8      273A       0  CODE        2
                text34                         0015A8  000258  001800      2B50       0  CODE        2
                text38                         001B26  000009  001B2F      364C       0  CODE        2
                text8                          001B2F  000009  001B38      365E       0  CODE        2
                text7                          001B38  000009  001B41      3670       0  CODE        2
                text35                         001B41  00000B  001B4C      3682       0  CODE        2
                text11                         001B4C  00000D  001B59      3698       0  CODE        2
                text10                         001B59  000010  001B69      36B2       0  CODE        2
                text20                         001B69  000012  001B7B      36D2       0  CODE        2
                text2                          001B7B  00001E  001B99      36F6       0  CODE        2
                text4                          001B99  000022  001BBB      3732       0  CODE        2
                text33                         001BBB  000024  001BDF      3776       0  CODE        2
                text29                         001BDF  000025  001C04      37BE       0  CODE        2
                text1                          001C04  000026  001C2A      3808       0  CODE        2
                text25                         001C2A  000027  001C51      3854       0  CODE        2
                text15                         001C51  000028  001C79      38A2       0  CODE        2
                text39                         001C79  00002E  001CA7      38F2       0  CODE        2
                text9                          001CA7  00002F  001CD6      394E       0  CODE        2
                text12                         001CD6  000038  001D0E      39AC       0  CODE        2
                text5                          001D0E  00003F  001D4D      3A1C       0  CODE        2
                text6                          001D4D  000040  001D8D      3A9A       0  CODE        2
                text13                         001D8D  000043  001DD0      3B1A       0  CODE        2
                text23                         001DD0  000044  001E14      3BA0       0  CODE        2
                text37                         001E14  00004E  001E62      3C28       0  CODE        2
                text18                         001E62  000059  001EBB      3CC4       0  CODE        2
                text31                         001EBB  000066  001F21      3D76       0  CODE        2
                text19                         001F21  000067  001F88      3E42       0  CODE        2
                text32                         001F88  000078  002000      3F10       0  CODE        2


UNUSED ADDRESS RANGES

        Name                Unused          Largest block    Delta
        BANK0            006F-006F              1           1
        BANK1            00EB-00EF              5           1
        BANK2            0110-016F             60           1
        BANK3            0190-01EF             60           1
        CODE             1000-1001              2           2
                         1800-1B25            326
        CONST            1000-1001              2           2
                         1800-1B25            100
        EEDATA           2100-21FF            100           2
        ENTRY            1000-1001              2           2
                         1800-1B25            100
        IDLOC            2000-2003              4           2
        RAM              006F-006F              1           1
                         00EB-00EF              5
                         0110-016F             60
                         0190-01EF             60
        SFR0             0000-001F             20           1
        SFR1             0080-009F             20           1
        SFR2             0100-010F             10           1
        SFR3             0180-018F             10           1
        STRCODE          1000-1001              2           2
                         1800-1B25            326
        STRING           1000-1001              2           2
                         1800-1B25            100

                                  Symbol Table

?_ADC_Read               cstackCOMMON 0070
?_GetVoltage             cstackBANK0  0026
?__Umul8_16              cstackCOMMON 0070
?___awdiv                cstackCOMMON 0076
?___awmod                cstackCOMMON 0070
?___fladd                cstackBANK0  004E
?___flmul                cstackBANK0  0020
?___flneg                cstackCOMMON 0070
?___flsub                cstackBANK0  0062
?___fltol                cstackBANK0  004D
?___lldiv                cstackCOMMON 0070
?___llmod                cstackCOMMON 0070
?___lwdiv                cstackCOMMON 0075
?___lwmod                cstackCOMMON 0070
?___wmul                 cstackCOMMON 0070
?___xxtofl               cstackCOMMON 0076
?__div_to_l_             cstackCOMMON 0070
?__tdiv_to_l_            cstackCOMMON 0070
?_fround                 cstackBANK0  003A
?_scale                  cstackBANK0  003A
?_sprintf                cstackBANK0  006A
ADC_Read@channel         cstackCOMMON 0070
GetString@channel        cstackBANK1  00C2
GetString@source         cstackBANK1  00C4
GetString@string         cstackBANK1  00C5
GetString@value          cstackBANK1  00BE
GetVoltage@adc_read      cstackBANK0  0026
GetVoltage@conversion    cstackBANK0  0030
I2C_Master_Init@c        cstackBANK0  0020
I2C_Multi_Send@address   cstackCOMMON 0071
I2C_Multi_Send@data      cstackCOMMON 0072
I2C_Multi_Send@n         cstackCOMMON 0077
I2C_Multi_Send@send      cstackCOMMON 0076
I2C_Multi_Send@size      cstackCOMMON 0073
I2C_Write@Data           cstackCOMMON 0070
_ACKSTAT                 (abs)        048E
_ADCON0                  (abs)        001F
_ADCON0bits              (abs)        001F
_ADCON1                  (abs)        009F
_ADC_Read                text39       1C79
_ADC_Setup               text38       1B26
_ADRESH                  (abs)        001E
_ADRESL                  (abs)        009E
_GO_DONE                 (abs)        00FA
_GetString               text14       1056
_GetVoltage              text13       1D8D
_I2C_IDLE                text11       1B4C
_I2C_Master_Init         text12       1CD6
_I2C_Multi_Send          text9        1CA7
_I2C_Start               text8        1B2F
_I2C_Stop                text7        1B38
_I2C_Write               text10       1B59
_PORTB                   (abs)        0006
_PORTD                   (abs)        0008
_SSPADD                  (abs)        0093
_SSPBUF                  (abs)        0013
_SSPCON                  (abs)        0014
_SSPCON2                 (abs)        0091
_SSPCON2bits             (abs)        0091
_SSPIF                   (abs)        0063
_SSPSTAT                 (abs)        0094
_TRISA                   (abs)        0085
_TRISB                   (abs)        0086
_TRISCbits               (abs)        0087
_TRISD                   (abs)        0088
__H__absolute__          __absolute__ 0000
__Habs1                  abs1         0000
__Hbank0                 bank0        0000
__Hbank1                 bank1        0000
__Hbank2                 bank2        0000
__Hbank3                 bank3        0000
__HbssBANK1              bssBANK1     0000
__Hcinit                 cinit        0800
__Hclrtext               clrtext      0000
__Hcode                  code         0000
__Hcommon                common       0000
__Hconfig                config       2008
__HcstackBANK0           cstackBANK0  0000
__HcstackBANK1           cstackBANK1  0000
__HcstackCOMMON          cstackCOMMON 0000
__Heeprom_data           eeprom_data  0000
__Hend_init              end_init     0003
__Hfunctab               functab      0000
__Hinit                  init         0000
__Hintentry              intentry     0000
__Hmaintext              maintext     0000
__Hpowerup               powerup      0000
__Hram                   ram          0000
__Hreset_vec             reset_vec    0000
__Hsfr0                  sfr0         0000
__Hsfr1                  sfr1         0000
__Hsfr2                  sfr2         0000
__Hsfr3                  sfr3         0000
__Hspace_0               (abs)        2000
__Hspace_1               (abs)        00EB
__Hspace_2               (abs)        0000
__Hspace_3               (abs)        0000
__Hspace_4               (abs)        400F
__Hstack                 stack        0000
__Hstrings               strings      0000
__Htext                  text         0000
__L__absolute__          __absolute__ 0000
__Labs1                  abs1         0000
__Lbank0                 bank0        0000
__Lbank1                 bank1        0000
__Lbank2                 bank2        0000
__Lbank3                 bank3        0000
__LbssBANK1              bssBANK1     0000
__Lcinit                 cinit        07F6
__Lclrtext               clrtext      0000
__Lcode                  code         0000
__Lcommon                common       0000
__Lconfig                config       0000
__LcstackBANK0           cstackBANK0  0000
__LcstackBANK1           cstackBANK1  0000
__LcstackCOMMON          cstackCOMMON 0000
__Leeprom_data           eeprom_data  0000
__Lend_init              end_init     0000
__Lfunctab               functab      0000
__Linit                  init         0000
__Lintentry              intentry     0000
__Lmaintext              maintext     0000
__Lpowerup               powerup      0000
__Lram                   ram          0000
__Lreset_vec             reset_vec    0000
__Lsfr0                  sfr0         0000
__Lsfr1                  sfr1         0000
__Lsfr2                  sfr2         0000
__Lsfr3                  sfr3         0000
__Lspace_0               (abs)        0000
__Lspace_1               (abs)        0000
__Lspace_2               (abs)        0000
__Lspace_3               (abs)        0000
__Lspace_4               (abs)        0000
__Lstack                 stack        0000
__Lstrings               strings      0000
__Ltext                  text         0000
__S0                     (abs)        2000
__S1                     (abs)        00EB
__S3                     (abs)        0000
__Umul8_16               text25       1C2A
__Umul8_16@multiplicand  cstackCOMMON 0070
__Umul8_16@multiplier    cstackCOMMON 0078
__Umul8_16@product       cstackCOMMON 0074
__Umul8_16@word_mpld     cstackCOMMON 0076
___awdiv                 text19       1F21
___awdiv@counter         cstackCOMMON 007A
___awdiv@dividend        cstackCOMMON 0078
___awdiv@divisor         cstackCOMMON 0076
___awdiv@quotient        cstackCOMMON 007C
___awdiv@sign            cstackCOMMON 007B
___awmod                 text18       1E62
___awmod@counter         cstackCOMMON 0074
___awmod@dividend        cstackCOMMON 0072
___awmod@divisor         cstackCOMMON 0070
___awmod@sign            cstackCOMMON 0075
___fladd                 text34       15A8
___fladd@a               cstackBANK0  0052
___fladd@aexp            cstackBANK0  005F
___fladd@b               cstackBANK0  004E
___fladd@bexp            cstackBANK0  0060
___fladd@grs             cstackBANK0  0061
___fladd@signs           cstackBANK0  005E
___fleq                  text37       1E14
___fleq@ff1              cstackCOMMON 0070
___fleq@ff2              cstackCOMMON 0074
___flge                  text36       10D2
___flge@ff1              cstackCOMMON 0070
___flge@ff2              cstackCOMMON 0074
___flmul                 text24       095C
___flmul@a               cstackBANK0  0024
___flmul@aexp            cstackBANK0  0032
___flmul@b               cstackBANK0  0020
___flmul@bexp            cstackBANK0  0033
___flmul@grs             cstackBANK0  002E
___flmul@prod            cstackBANK0  0034
___flmul@sign            cstackBANK0  002D
___flmul@temp            cstackBANK0  0038
___flneg                 text35       1B41
___flneg@f1              cstackCOMMON 0070
___flsub                 text33       1BBB
___flsub@a               cstackBANK0  0062
___flsub@b               cstackBANK0  0066
___fltol                 text32       1F88
___fltol@exp1            cstackBANK0  0056
___fltol@f1              cstackBANK0  004D
___fltol@sign1           cstackBANK0  0055
___int_sp                stack        0000
___latbits               (abs)        0002
___lldiv                 text31       1EBB
___lldiv@counter         cstackCOMMON 007D
___lldiv@dividend        cstackCOMMON 0074
___lldiv@divisor         cstackCOMMON 0070
___lldiv@quotient        cstackCOMMON 0079
___llmod                 text30       1002
___llmod@counter         cstackCOMMON 0079
___llmod@dividend        cstackCOMMON 0074
___llmod@divisor         cstackCOMMON 0070
___lwdiv                 text23       1DD0
___lwdiv@counter         cstackCOMMON 007B
___lwdiv@dividend        cstackCOMMON 0077
___lwdiv@divisor         cstackCOMMON 0075
___lwdiv@quotient        cstackCOMMON 0079
___lwmod                 text22       0003
___lwmod@counter         cstackCOMMON 0074
___lwmod@dividend        cstackCOMMON 0072
___lwmod@divisor         cstackCOMMON 0070
___sp                    stack        0000
___stackhi               (abs)        0000
___stacklo               (abs)        0000
___wmul                  text29       1BDF
___wmul@multiplicand     cstackCOMMON 0072
___wmul@multiplier       cstackCOMMON 0070
___wmul@product          cstackCOMMON 0074
___xxtofl                text28       12E3
___xxtofl@arg            cstackBANK0  0022
___xxtofl@exp            cstackBANK0  0021
___xxtofl@sign           cstackBANK0  0020
___xxtofl@val            cstackCOMMON 0076
__div_to_l_              text27       122B
__div_to_l_@cntr         cstackBANK0  0024
__div_to_l_@exp1         cstackBANK0  0025
__div_to_l_@f1           cstackCOMMON 0070
__div_to_l_@f2           cstackCOMMON 0074
__div_to_l_@quot         cstackBANK0  0020
__end_of_ADC_Read        text39       1CA7
__end_of_ADC_Setup       text38       1B2F
__end_of_GetString       text14       10D2
__end_of_GetVoltage      text13       1DD0
__end_of_I2C_IDLE        text11       1B59
__end_of_I2C_Master_Init text12       1D0E
__end_of_I2C_Multi_Send  text9        1CD6
__end_of_I2C_Start       text8        1B38
__end_of_I2C_Stop        text7        1B41
__end_of_I2C_Write       text10       1B69
__end_of__Umul8_16       text25       1C51
__end_of___awdiv         text19       1F88
__end_of___awmod         text18       1EBB
__end_of___fladd         text34       1800
__end_of___fleq          text37       1E62
__end_of___flge          text36       1174
__end_of___flmul         text24       0CA1
__end_of___flneg         text35       1B4C
__end_of___flsub         text33       1BDF
__end_of___fltol         text32       2000
__end_of___lldiv         text31       1F21
__end_of___llmod         text30       1056
__end_of___lwdiv         text23       1E14
__end_of___lwmod         text22       003D
__end_of___wmul          text29       1C04
__end_of___xxtofl        text28       139D
__end_of__div_to_l_      text27       12E3
__end_of__initialization cinit        07FC
__end_of__npowers_       strings      0878
__end_of__powers_        strings      0844
__end_of__stringtab      strings      0810
__end_of__tdiv_to_l_     text26       122B
__end_of_dpowers         strings      08A0
__end_of_fround          text21       15A8
__end_of_isdigit         text20       1B7B
__end_of_lcd_clear       text4        1BBB
__end_of_lcd_init        text3        095C
__end_of_lcd_put_cur     text2        1B99
__end_of_lcd_send_cmd    text6        1D8D
__end_of_lcd_send_data   text5        1D4D
__end_of_lcd_send_string text1        1C2A
__end_of_main            maintext     019C
__end_of_scale           text17       1000
__end_of_sprintf         text16       07F6
__end_of_strcat          text15       1C79
__initialization         cinit        07F6
__npowers_               strings      0844
__pbssBANK1              bssBANK1     00E7
__pcstackBANK0           cstackBANK0  0020
__pcstackBANK1           cstackBANK1  00A0
__pcstackCOMMON          cstackCOMMON 0070
__pmaintext              maintext     003D
__powers_                strings      0810
__pstrings               strings      0800
__ptext1                 text1        1C04
__ptext10                text10       1B59
__ptext11                text11       1B4C
__ptext12                text12       1CD6
__ptext13                text13       1D8D
__ptext14                text14       1056
__ptext15                text15       1C51
__ptext16                text16       019C
__ptext17                text17       0CA1
__ptext18                text18       1E62
__ptext19                text19       1F21
__ptext2                 text2        1B7B
__ptext20                text20       1B69
__ptext21                text21       139D
__ptext22                text22       0003
__ptext23                text23       1DD0
__ptext24                text24       095C
__ptext25                text25       1C2A
__ptext26                text26       1174
__ptext27                text27       122B
__ptext28                text28       12E3
__ptext29                text29       1BDF
__ptext3                 text3        08CD
__ptext30                text30       1002
__ptext31                text31       1EBB
__ptext32                text32       1F88
__ptext33                text33       1BBB
__ptext34                text34       15A8
__ptext35                text35       1B41
__ptext36                text36       10D2
__ptext37                text37       1E14
__ptext38                text38       1B26
__ptext39                text39       1C79
__ptext4                 text4        1B99
__ptext5                 text5        1D0E
__ptext6                 text6        1D4D
__ptext7                 text7        1B38
__ptext8                 text8        1B2F
__ptext9                 text9        1CA7
__stringbase             strings      080F
__stringtab              strings      0800
__tdiv_to_l_             text26       1174
__tdiv_to_l_@cntr        cstackBANK0  0024
__tdiv_to_l_@exp1        cstackBANK0  0025
__tdiv_to_l_@f1          cstackCOMMON 0070
__tdiv_to_l_@f2          cstackCOMMON 0074
__tdiv_to_l_@quot        cstackBANK0  0020
_adc_value_1             bssBANK1     00E9
_adc_value_2             bssBANK1     00E7
_dpowers                 strings      0878
_fround                  text21       139D
_fround$977              cstackBANK0  0049
_fround$978              cstackBANK0  0045
_isdigit                 text20       1B69
_isdigit$762             cstackCOMMON 0070
_lcd_clear               text4        1B99
_lcd_init                text3        08CD
_lcd_put_cur             text2        1B7B
_lcd_send_cmd            text6        1D4D
_lcd_send_data           text5        1D0E
_lcd_send_string         text1        1C04
_main                    maintext     003D
_scale                   text17       0CA1
_scale$979               cstackBANK0  0048
_sprintf                 text16       019C
_sprintf$980             cstackBANK1  00A5
_strcat                  text15       1C51
btemp                    (abs)        007E
end_of_initialization    cinit        07FC
fround@prec              cstackBANK0  004D
intlevel0                functab      0000
intlevel1                functab      0000
intlevel2                functab      0000
intlevel3                functab      0000
intlevel4                functab      0000
intlevel5                functab      0000
isdigit@c                cstackCOMMON 0071
lcd_clear@i              cstackCOMMON 007B
lcd_put_cur@col          cstackBANK0  0029
lcd_put_cur@row          cstackBANK0  0027
lcd_send_cmd@cmd         cstackBANK0  0024
lcd_send_cmd@data_l      cstackBANK0  0026
lcd_send_cmd@data_t      cstackBANK0  0020
lcd_send_cmd@data_u      cstackBANK0  0025
lcd_send_data@data       cstackBANK0  0024
lcd_send_data@data_l     cstackBANK0  0026
lcd_send_data@data_t     cstackBANK0  0020
lcd_send_data@data_u     cstackBANK0  0025
lcd_send_string@str      cstackCOMMON 007B
main@str0                cstackBANK1  00C9
main@str1                cstackBANK1  00D8
reset_vec                reset_vec    0000
scale@scl                cstackBANK0  004C
sprintf@ap               cstackBANK1  00A9
sprintf@c                cstackBANK1  00BD
sprintf@eexp             cstackBANK1  00B0
sprintf@f                cstackBANK0  006A
sprintf@flag             cstackBANK1  00AA
sprintf@fval             cstackBANK1  00B9
sprintf@prec             cstackBANK1  00B6
sprintf@sp               cstackBANK1  00B8
sprintf@tmpval           cstackBANK1  00B2
sprintf@val              cstackBANK1  00AC
start                    init         0000
start_initialization     cinit        07F6
strcat@cp                cstackCOMMON 0071
strcat@from              cstackCOMMON 0070
strcat@to                cstackCOMMON 0072
wtemp0                   (abs)        007E


MODULE INFORMATION

Module		Function		Class		Link	Load	Size
C:\Program Files\Microchip\xc8\v2.41\pic\sources\c90\common\sprcmul.c
		___flmul       		CODE           	095C	0000	837

C:\Program Files\Microchip\xc8\v2.41\pic\sources\c90\common\sprcmul.c estimated size: 837

C:\Program Files\Microchip\xc8\v2.41\pic\sources\c90\common\flge.c
		___flge        		CODE           	10D2	0000	162

C:\Program Files\Microchip\xc8\v2.41\pic\sources\c90\common\flge.c estimated size: 162

C:\Program Files\Microchip\xc8\v2.41\pic\sources\c90\common\ftdivl.c
		__tdiv_to_l_   		CODE           	1174	0000	183

C:\Program Files\Microchip\xc8\v2.41\pic\sources\c90\common\ftdivl.c estimated size: 183

C:\Program Files\Microchip\xc8\v2.41\pic\sources\c90\common\Umul16.c
		___wmul        		CODE           	1BDF	0000	37

C:\Program Files\Microchip\xc8\v2.41\pic\sources\c90\common\Umul16.c estimated size: 37

C:\Program Files\Microchip\xc8\v2.41\pic\sources\c90\common\lwdiv.c
		___lwdiv       		CODE           	1DD0	0000	68

C:\Program Files\Microchip\xc8\v2.41\pic\sources\c90\common\lwdiv.c estimated size: 68

C:\Program Files\Microchip\xc8\v2.41\pic\sources\c90\common\awdiv.c
		___awdiv       		CODE           	1F21	0000	103

C:\Program Files\Microchip\xc8\v2.41\pic\sources\c90\common\awdiv.c estimated size: 103

C:\Program Files\Microchip\xc8\v2.41\pic\sources\c90\common\fltol.c
		___fltol       		CODE           	1F88	0000	120

C:\Program Files\Microchip\xc8\v2.41\pic\sources\c90\common\fltol.c estimated size: 120

C:\Program Files\Microchip\xc8\v2.41\pic\sources\c90\common\__lldiv.c
		___lldiv       		CODE           	1EBB	0000	102

C:\Program Files\Microchip\xc8\v2.41\pic\sources\c90\common\__lldiv.c estimated size: 102

C:\Program Files\Microchip\xc8\v2.41\pic\sources\c90\common\isdigit.c
		_isdigit       		CODE           	1B69	0000	18

C:\Program Files\Microchip\xc8\v2.41\pic\sources\c90\common\isdigit.c estimated size: 18

newmain.c
		_I2C_Multi_Send		CODE           	1CA7	0000	47
		_lcd_send_cmd  		CODE           	1D4D	0000	64
		_ADC_Setup     		CODE           	1B26	0000	9
		_lcd_send_data 		CODE           	1D0E	0000	63
		_lcd_put_cur   		CODE           	1B7B	0000	30
		_I2C_IDLE      		CODE           	1B4C	0000	13
		_I2C_Master_Init		CODE           	1CD6	0000	56
		_main          		CODE           	003D	0000	351
		_I2C_Write     		CODE           	1B59	0000	16
		_GetVoltage    		CODE           	1D8D	0000	67
		_lcd_clear     		CODE           	1B99	0000	34
		_I2C_Stop      		CODE           	1B38	0000	9
		_GetString     		CODE           	1056	0000	124
		_lcd_send_string		CODE           	1C04	0000	38
		_ADC_Read      		CODE           	1C79	0000	46
		_I2C_Start     		CODE           	1B2F	0000	9
		_lcd_init      		CODE           	08CD	0000	143

newmain.c estimated size: 1119

C:\Program Files\Microchip\xc8\v2.41\pic\sources\c90\common\sprcadd.c
		___flsub       		CODE           	1BBB	0000	36
		___fladd       		CODE           	15A8	0000	600

C:\Program Files\Microchip\xc8\v2.41\pic\sources\c90\common\sprcadd.c estimated size: 636

C:\Program Files\Microchip\xc8\v2.41\pic\sources\c90\common\fldivl.c
		__div_to_l_    		CODE           	122B	0000	184

C:\Program Files\Microchip\xc8\v2.41\pic\sources\c90\common\fldivl.c estimated size: 184

C:\Program Files\Microchip\xc8\v2.41\pic\sources\c90\common\fleq.c
		___fleq        		CODE           	1E14	0000	78

C:\Program Files\Microchip\xc8\v2.41\pic\sources\c90\common\fleq.c estimated size: 78

C:\Program Files\Microchip\xc8\v2.41\pic\sources\c90\common\strcat.c
		_strcat        		CODE           	1C51	0000	40

C:\Program Files\Microchip\xc8\v2.41\pic\sources\c90\common\strcat.c estimated size: 40

C:\Program Files\Microchip\xc8\v2.41\pic\sources\c90\common\xxtofl.c
		___xxtofl      		CODE           	12E3	0000	186

C:\Program Files\Microchip\xc8\v2.41\pic\sources\c90\common\xxtofl.c estimated size: 186

C:\Program Files\Microchip\xc8\v2.41\pic\sources\c90\common\flneg.c
		___flneg       		CODE           	1B41	0000	11

C:\Program Files\Microchip\xc8\v2.41\pic\sources\c90\common\flneg.c estimated size: 11

shared
		__stringtab    		STRING         	0800	0000	16
		__powers_      		STRING         	0810	0000	52
		_dpowers       		STRING         	0878	0000	40
		__npowers_     		STRING         	0844	0000	52
		__initialization		CODE           	07F6	0000	6

shared estimated size: 166

C:\Program Files\Microchip\xc8\v2.41\pic\sources\c90\common\Umul8_16.c
		__Umul8_16     		CODE           	1C2A	0000	39

C:\Program Files\Microchip\xc8\v2.41\pic\sources\c90\common\Umul8_16.c estimated size: 39

C:\Program Files\Microchip\xc8\v2.41\pic\sources\c90\common\doprnt.c
		_scale         		CODE           	0CA1	0000	863
		_sprintf       		CODE           	019C	0000	1626
		_fround        		CODE           	139D	0000	523

C:\Program Files\Microchip\xc8\v2.41\pic\sources\c90\common\doprnt.c estimated size: 3012

C:\Program Files\Microchip\xc8\v2.41\pic\sources\c90\common\lwmod.c
		___lwmod       		CODE           	0003	0000	58

C:\Program Files\Microchip\xc8\v2.41\pic\sources\c90\common\lwmod.c estimated size: 58

C:\Program Files\Microchip\xc8\v2.41\pic\sources\c90\common\awmod.c
		___awmod       		CODE           	1E62	0000	89

C:\Program Files\Microchip\xc8\v2.41\pic\sources\c90\common\awmod.c estimated size: 89

C:\Program Files\Microchip\xc8\v2.41\pic\sources\c90\common\llmod.c
		___llmod       		CODE           	1002	0000	84

C:\Program Files\Microchip\xc8\v2.41\pic\sources\c90\common\llmod.c estimated size: 84

